====LineItems====

LineItems[0] = Cheetos.......$5.00
LineItems[1] = Doritos.......$3.00
LineItems[2] = Mountain Dew.......$5.00
